
WARNING! Using --password via the CLI is insecure. Use --password-stdin.
Login Succeeded
presidio@Presidios-MacBook-Pro ~ % az acr repository list --name rizwanregistry --output table

2025-07-17 06:27:55.866040 Error: authentication required, visit https://aka.ms/acr/authorization for more information. Correlation ID: 49a7043f-310e-424a-8607-f3e70e654e6f.
presidio@Presidios-MacBook-Pro ~ % az acr repository list --name rizwanregistry-gnazhpemc5cjdsb9.azurecr.io --output table

Registry name is rizwanregistry. The following suffix '-gnazhpemc5cjdsb9.azurecr.io' is automatically omitted.
2025-07-17 06:28:30.714842 Error: authentication required, visit https://aka.ms/acr/authorization for more information. Correlation ID: 8ad54b27-7739-4c84-94f4-25d699057215.
presidio@Presidios-MacBook-Pro ~ % clear









presidio@Presidios-MacBook-Pro ~ % az acr create --resource-group RizwanGensparkTraining --name rizwanregistry mycontainerregistry --sku Standard --role-assignment-mode 'rbac-abac' --dnl-scope TenantReuse
unrecognized arguments: mycontainerregistry

Examples from AI knowledge base:
az acr create --name MyRegistry --resource-group MyResourceGroup --sku Standard
Create a managed container registry with the Standard SKU.

az acr create --location westus2 --name MyRegistry --resource-group MyResourceGroup --sku Classic
Create an Azure Container Registry. (autogenerated)

https://docs.microsoft.com/en-US/cli/azure/acr#az_acr_create
Read more about the command in reference docs
presidio@Presidios-MacBook-Pro ~ % az acr create --resource-group RizwanGensparkTraining --name rizwanregistry --sku Standard --role-assignment-mode 'rbac-abac' --dnl-scope TenantReuse 
Argument '--role-assignment-mode' is in preview and under development. Reference and support levels: https://aka.ms/CLI_refstatus
Argument '--dnl-scope' is in preview and under development. Reference and support levels: https://aka.ms/CLI_refstatus
Warning: You have successfully updated the registry authentication mode to enable RBAC Registry + ABAC Repository Permissions. ACR Tasks within the registry that do not have an assigned identity for source registry access will not have data plane access to the registry. To configure source registry data plane access for your existing Tasks, you must explicitly assign an Entra identity for accessing the source registry using the '--source-registry-auth-id' flag in 'az acr task update'. Please refer to https://aka.ms/acr/auth/abac for more details.
{
  "adminUserEnabled": false,
  "anonymousPullEnabled": false,
  "autoGeneratedDomainNameLabelScope": "TenantReuse",
  "creationDate": "2025-07-17T06:04:24.375165+00:00",
  "dataEndpointEnabled": false,
  "dataEndpointHostNames": [],
  "encryption": {
    "keyVaultProperties": null,
    "status": "disabled"
  },
  "id": "/subscriptions/e34397b2-486a-417d-bd5a-b9113a4a1b0c/resourceGroups/RizwanGensparkTraining/providers/Microsoft.ContainerRegistry/registries/rizwanregistry",
  "identity": null,
  "location": "eastus",
  "loginServer": "rizwanregistry-gnazhpemc5cjdsb9.azurecr.io",
  "metadataSearch": "Disabled",
  "name": "rizwanregistry",
  "networkRuleBypassOptions": "AzureServices",
  "networkRuleSet": null,
  "policies": {
    "azureAdAuthenticationAsArmPolicy": {
      "status": "enabled"
    },
    "exportPolicy": {
      "status": "enabled"
    },
    "quarantinePolicy": {
      "status": "disabled"
    },
    "retentionPolicy": {
      "days": 7,
      "lastUpdatedTime": "2025-07-17T06:32:42.342062+00:00",
      "status": "disabled"
    },
    "softDeletePolicy": {
      "lastUpdatedTime": "2025-07-17T06:32:42.342128+00:00",
      "retentionDays": 7,
      "status": "disabled"
    },
    "trustPolicy": {
      "status": "disabled",
      "type": "Notary"
    }
  },
  "privateEndpointConnections": [],
  "provisioningState": "Succeeded",
  "publicNetworkAccess": "Enabled",
  "resourceGroup": "RizwanGensparkTraining",
  "roleAssignmentMode": "AbacRepositoryPermissions",
  "sku": {
    "name": "Standard",
    "tier": "Standard"
  },
  "status": null,
  "systemData": {
    "createdAt": "2025-07-17T06:04:24.375165+00:00",
    "createdBy": "mohamedrizwans@presidio.com",
    "createdByType": "User",
    "lastModifiedAt": "2025-07-17T06:32:42.150999+00:00",
    "lastModifiedBy": "mohamedrizwans@presidio.com",
    "lastModifiedByType": "User"
  },
  "tags": {
    "Backup": "True"
  },
  "type": "Microsoft.ContainerRegistry/registries",
  "zoneRedundancy": "Disabled"
}
presidio@Presidios-MacBook-Pro ~ % az acr login --name rizwanregistry

Login Succeeded
presidio@Presidios-MacBook-Pro ~ % 
presidio@Presidios-MacBook-Pro ~ % az acr login --name rizwanregistry
Login Succeeded
presidio@Presidios-MacBook-Pro ~ % az acr repository list --name rizwanregistry --output table
2025-07-17 06:36:24.912928 Error: authentication required, visit https://aka.ms/acr/authorization for more information. Correlation ID: 555b9bdb-e7f0-4e63-afa7-4baed7619f8b.
presidio@Presidios-MacBook-Pro ~ % az acr repository list --name rizwanregistry --output table

2025-07-17 06:37:49.266824 Error: authentication required, visit https://aka.ms/acr/authorization for more information. Correlation ID: 3189126a-3b13-4c4b-bd1b-51e56cc1831a.
presidio@Presidios-MacBook-Pro ~ %         
az acr login --name rizwanregistry

Login Succeeded
presidio@Presidios-MacBook-Pro ~ % docker pull hello-world
docker tag hello-world rizwanregistry-gnazhpemc5cjdsb9.azurecr.io/hello-world:v1

Using default tag: latest
latest: Pulling from library/hello-world
Digest: sha256:ec153840d1e635ac434fab5e377081f17e0e15afab27beb3f726c3265039cfff
Status: Image is up to date for hello-world:latest
docker.io/library/hello-world:latest
presidio@Presidios-MacBook-Pro ~ % docker push rizwanregistry-gnazhpemc5cjdsb9.azurecr.io/hello-world:v1

The push refers to repository [rizwanregistry-gnazhpemc5cjdsb9.azurecr.io/hello-world]
e6590344b1a5: Unavailable 
push access denied, repository does not exist or may require authorization: server message: insufficient_scope: authorization failed
presidio@Presidios-MacBook-Pro ~ % az acr show --name rizwanregistry --query "loginServer" --output tsv

rizwanregistry-gnazhpemc5cjdsb9.azurecr.io
presidio@Presidios-MacBook-Pro ~ % az acr show --name rizwanregistry-gnazhpemc5cjdsb9.azurecr.io --query "loginServer" --output tsv

Registry name is rizwanregistry. The following suffix '-gnazhpemc5cjdsb9.azurecr.io' is automatically omitted.
rizwanregistry-gnazhpemc5cjdsb9.azurecr.io
presidio@Presidios-MacBook-Pro ~ % docker push rizwanregistry.azurecr.io/hello-world:v1

The push refers to repository [rizwanregistry.azurecr.io/hello-world]
tag does not exist: rizwanregistry.azurecr.io/hello-world:v1
presidio@Presidios-MacBook-Pro ~ % docker push rizwanregistry-gnazhpemc5cjdsb9.azurecr.io/hello-world:v1

The push refers to repository [rizwanregistry-gnazhpemc5cjdsb9.azurecr.io/hello-world]
e6590344b1a5: Unavailable 
push access denied, repository does not exist or may require authorization: server message: insufficient_scope: authorization failed
presidio@Presidios-MacBook-Pro ~ % docker login rizwanregistry.azurecr.io                               
Username: 
Error: Non-null Username Required
presidio@Presidios-MacBook-Pro ~ % az acr login --name rizwanregistry

Login Succeeded
presidio@Presidios-MacBook-Pro ~ % docker tag hello-world rizwanregistry.azurecr.io/hello-world:v1

presidio@Presidios-MacBook-Pro ~ % docker push rizwanregistry.azurecr.io/hello-world:v1

The push refers to repository [rizwanregistry.azurecr.io/hello-world]
e6590344b1a5: Unavailable 
failed to do request: Head "https://rizwanregistry.azurecr.io/v2/hello-world/blobs/sha256:e6590344b1a5dc518829d6ea1524fc12f8bcd14ee9a02aa6ad8360cce3a9a9e9": dialing rizwanregistry.azurecr.io:443 container via direct connection because  has no HTTPS proxy: connecting to rizwanregistry.azurecr.io:443: dial tcp: lookup rizwanregistry.azurecr.io: no such host
presidio@Presidios-MacBook-Pro ~ % docker push rizwanregistry.azurecr.io/hello-world:v1

The push refers to repository [rizwanregistry.azurecr.io/hello-world]
e6590344b1a5: Unavailable 
failed to do request: Head "https://rizwanregistry.azurecr.io/v2/hello-world/blobs/sha256:74cc54e27dc41bb10dc4b2226072d469509f2f22f1a3ce74f4a59661a1d44602": dialing rizwanregistry.azurecr.io:443 container via direct connection because  has no HTTPS proxy: connecting to rizwanregistry.azurecr.io:443: dial tcp: lookup rizwanregistry.azurecr.io: no such host
presidio@Presidios-MacBook-Pro ~ % docker tag hello-world rizwanregistry-gnazhpemc5cjdsb9.azurecr.io/hello-world:v1

presidio@Presidios-MacBook-Pro ~ % docker push rizwanregistry-gnazhpemc5cjdsb9.azurecr.io/hello-world:v1

The push refers to repository [rizwanregistry-gnazhpemc5cjdsb9.azurecr.io/hello-world]
e6590344b1a5: Unavailable 
push access denied, repository does not exist or may require authorization: server message: insufficient_scope: authorization failed
presidio@Presidios-MacBook-Pro ~ % az acr login --name rizwanregistry

Login Succeeded
presidio@Presidios-MacBook-Pro ~ % az acr credential show --name rizwanregistry

Run 'az acr update -n rizwanregistry --admin-enabled true' to enable admin first.
presidio@Presidios-MacBook-Pro ~ % az acr credential show --name rizwanregistry --admin-enabled true

unrecognized arguments: --admin-enabled true

Examples from AI knowledge base:
az acr credential show --name MyRegistry
Get the login credentials for an Azure Container Registry.

az acr credential show --name MyRegistry --query passwords[0].value
Get a password used to log in to an Azure Container Registry.

https://docs.microsoft.com/en-US/cli/azure/acr/credential#az_acr_credential_show
Read more about the command in reference docs
presidio@Presidios-MacBook-Pro ~ % az acr credential show --name rizwanregistry--admin-enabled true 

unrecognized arguments: true

Examples from AI knowledge base:
az acr credential show --name MyRegistry
Get the login credentials for an Azure Container Registry.

az acr credential show --name MyRegistry --query passwords[0].value
Get a password used to log in to an Azure Container Registry.

https://docs.microsoft.com/en-US/cli/azure/acr/credential#az_acr_credential_show
Read more about the command in reference docs
presidio@Presidios-MacBook-Pro ~ % docker login rizwanregistry-gnazhpemc5cjdsb9.azurecr.io

Username: 00
Password: 
Error response from daemon: Get "https://rizwanregistry-gnazhpemc5cjdsb9.azurecr.io/v2/": unauthorized: {"errors":[{"code":"UNAUTHORIZED","message":"authentication required, visit https://aka.ms/acr/authorization for more information. CorrelationId: 3bfc607c-02e0-4921-8cae-425162e4d64d"}]}
presidio@Presidios-MacBook-Pro ~ % docker login rizwanregistry-gnazhpemc5cjdsb9.azurecr.io

Username: rizwanregistry
Password: 
Login Succeeded
presidio@Presidios-MacBook-Pro ~ % docker push rizwanregistry-gnazhpemc5cjdsb9.azurecr.io/hello-world:v1

The push refers to repository [rizwanregistry-gnazhpemc5cjdsb9.azurecr.io/hello-world]
e6590344b1a5: Pushed 
v1: digest: sha256:03b62250a3cb1abd125271d393fc08bf0cc713391eda6b57c02d1ef85efcc25c size: 1035

i Info → Not all multiplatform-content is present and only the available single-platform image was pushed
         sha256:ec153840d1e635ac434fab5e377081f17e0e15afab27beb3f726c3265039cfff -> sha256:03b62250a3cb1abd125271d393fc08bf0cc713391eda6b57c02d1ef85efcc25c
presidio@Presidios-MacBook-Pro ~ % docker run rizwanregistry-gnazhpemc5cjdsb9.azurecr.io/hello-world:v1


Hello from Docker!
This message shows that your installation appears to be working correctly.

To generate this message, Docker took the following steps:
 1. The Docker client contacted the Docker daemon.
 2. The Docker daemon pulled the "hello-world" image from the Docker Hub.
    (amd64)
 3. The Docker daemon created a new container from that image which runs the
    executable that produces the output you are currently reading.
 4. The Docker daemon streamed that output to the Docker client, which sent it
    to your terminal.

To try something more ambitious, you can run an Ubuntu container with:
 $ docker run -it ubuntu bash

Share images, automate workflows, and more with a free Docker ID:
 https://hub.docker.com/

For more examples and ideas, visit:
 https://docs.docker.com/get-started/

presidio@Presidios-MacBook-Pro ~ % docker images
REPOSITORY                                               TAG       IMAGE ID       CREATED        SIZE
fitnesstrackerapi-api                                    latest    40c43bf44b54   8 days ago     387MB
weather-app                                              latest    5fbfcb354b59   8 days ago     366MB
mohamedrizwan22/weather-app                              latest    5fbfcb354b59   8 days ago     366MB
payment-app                                              latest    c0173b2e4239   13 days ago    79.7MB
fitness-api-secured                                      latest    f023c9efd876   2 weeks ago    387MB
fitness-angular-app-nginx                                latest    d00b783988b4   2 weeks ago    81.9MB
fitness-angular-app-angular                              latest    b6a349c885b8   2 weeks ago    1.47GB
fitness-angular-app                                      latest    bf42160b36b9   2 weeks ago    375MB
fitness-tracker-be                                       latest    f373a2502a7c   2 weeks ago    352MB
nodemon-image                                            latest    65c0f5086136   2 weeks ago    1.62GB
simple-node-app                                          latest    344376921da5   2 weeks ago    614MB
postgres                                                 15        3156e13d9760   5 weeks ago    608MB
alpine                                                   latest    8a1f59ffb675   6 weeks ago    12.8MB
rizwanregistry.azurecr.io/hello-world                    v1        ec153840d1e6   5 months ago   20.4kB
hello-world                                              latest    ec153840d1e6   5 months ago   20.4kB
rizwanregistry-gnazhpemc5cjdsb9.azurecr.io/hello-world   v1        ec153840d1e6   5 months ago   20.4kB
mcr.microsoft.com/hello-world                            latest    92c7f9c92844   6 years ago    11.2kB
presidio@Presidios-MacBook-Pro ~ % docker tag payment-app rizwanregistry-gnazhpemc5cjdsb9.azurecr.io/payment-app:v1

presidio@Presidios-MacBook-Pro ~ % docker push rizwanregistry-gnazhpemc5cjdsb9.azurecr.io/payment-app:v1

The push refers to repository [rizwanregistry-gnazhpemc5cjdsb9.azurecr.io/payment-app]
4da1bd4f4003: Pushed 
83c56c6fea15: Pushed 
b7099466dce1: Pushed 
2c127093dfc7: Pushed 
92971aeb101e: Pushed 
a9ff9baf1741: Pushed 
1772b1cddddd: Pushed 
63dda2adf85b: Pushed 
3b7062d09e02: Pushed 
fe07684b16b8: Pushed 
fb746e72516f: Pushed 
b55ed7d7b2de: Pushed 
v1: digest: sha256:c0173b2e4239a38a9b979f5da422bbf3dbed3176c600eb7fa036eb93c15e8724 size: 856
presidio@Presidios-MacBook-Pro ~ % az acr repository list --name rizwanregistry --output table

2025-07-17 06:49:56.302872 Error: authentication required, visit https://aka.ms/acr/authorization for more information. Correlation ID: 7ba61bf4-aa25-467d-a039-8557dd9ecd3c.
presidio@Presidios-MacBook-Pro ~ % az acr repository list --name rizwanregistry-gnazhpemc5cjdsb9.azurecr.io --output table

Registry name is rizwanregistry. The following suffix '-gnazhpemc5cjdsb9.azurecr.io' is automatically omitted.
2025-07-17 06:50:25.294773 Error: authentication required, visit https://aka.ms/acr/authorization for more information. Correlation ID: 21c5c73e-357e-4515-afe9-e941f2a78540.
presidio@Presidios-MacBook-Pro ~ % az acr create \
  --resource-group RizwanGensparkTraining \
  --name registryrizwan \
  --sku Standard \
  --admin-enabled true

{
  "adminUserEnabled": true,
  "anonymousPullEnabled": false,
  "autoGeneratedDomainNameLabelScope": "Unsecure",
  "creationDate": "2025-07-17T06:56:48.612459+00:00",
  "dataEndpointEnabled": false,
  "dataEndpointHostNames": [],
  "encryption": {
    "keyVaultProperties": null,
    "status": "disabled"
  },
  "id": "/subscriptions/e34397b2-486a-417d-bd5a-b9113a4a1b0c/resourceGroups/RizwanGensparkTraining/providers/Microsoft.ContainerRegistry/registries/registryrizwan",
  "identity": null,
  "location": "eastus",
  "loginServer": "registryrizwan.azurecr.io",
  "metadataSearch": "Disabled",
  "name": "registryrizwan",
  "networkRuleBypassOptions": "AzureServices",
  "networkRuleSet": null,
  "policies": {
    "azureAdAuthenticationAsArmPolicy": {
      "status": "enabled"
    },
    "exportPolicy": {
      "status": "enabled"
    },
    "quarantinePolicy": {
      "status": "disabled"
    },
    "retentionPolicy": {
      "days": 7,
      "lastUpdatedTime": "2025-07-17T06:56:56.032515+00:00",
      "status": "disabled"
    },
    "softDeletePolicy": {
      "lastUpdatedTime": "2025-07-17T06:56:56.032561+00:00",
      "retentionDays": 7,
      "status": "disabled"
    },
    "trustPolicy": {
      "status": "disabled",
      "type": "Notary"
    }
  },
  "privateEndpointConnections": [],
  "provisioningState": "Succeeded",
  "publicNetworkAccess": "Enabled",
  "resourceGroup": "RizwanGensparkTraining",
  "roleAssignmentMode": "LegacyRegistryPermissions",
  "sku": {
    "name": "Standard",
    "tier": "Standard"
  },
  "status": null,
  "systemData": {
    "createdAt": "2025-07-17T06:56:48.612459+00:00",
    "createdBy": "mohamedrizwans@presidio.com",
    "createdByType": "User",
    "lastModifiedAt": "2025-07-17T06:56:48.612459+00:00",
    "lastModifiedBy": "mohamedrizwans@presidio.com",
    "lastModifiedByType": "User"
  },
  "tags": {
    "Backup": "True"
  },
  "type": "Microsoft.ContainerRegistry/registries",
  "zoneRedundancy": "Disabled"
}
presidio@Presidios-MacBook-Pro ~ % az acr credential show --name mycontainerregistry

The resource with name 'mycontainerregistry' and type 'Microsoft.ContainerRegistry/registries' could not be found in subscription 'DevOps - Training (e34397b2-486a-417d-bd5a-b9113a4a1b0c)'.
presidio@Presidios-MacBook-Pro ~ % az acr credential show --name registryrizwan

{
  "passwords": [
    {
      "name": "password",

    },
    {
      "name": "password2",
    }
  ],
  "username": "registryrizwan"
}
presidio@Presidios-MacBook-Pro ~ % docker login registryrizwan.azurecr.io

Username: password
Password: 
Error response from daemon: Get "https://registryrizwan.azurecr.io/v2/": unauthorized: {"errors":[{"code":"UNAUTHORIZED","message":"authentication required, visit https://aka.ms/acr/authorization for more information. CorrelationId: f66c4b4e-9341-4da2-834f-78f785b335c0"}]}
presidio@Presidios-MacBook-Pro ~ % docker login registryrizwan.azurecr.io

Username: registryrizwan
Password: 
Login Succeeded
presidio@Presidios-MacBook-Pro ~ % docker images
REPOSITORY                                               TAG       IMAGE ID       CREATED        SIZE
fitnesstrackerapi-api                                    latest    40c43bf44b54   8 days ago     387MB
weather-app                                              latest    5fbfcb354b59   8 days ago     366MB
mohamedrizwan22/weather-app                              latest    5fbfcb354b59   8 days ago     366MB
payment-app                                              latest    c0173b2e4239   13 days ago    79.7MB
rizwanregistry-gnazhpemc5cjdsb9.azurecr.io/payment-app   v1        c0173b2e4239   13 days ago    79.7MB
fitness-api-secured                                      latest    f023c9efd876   2 weeks ago    387MB
fitness-angular-app-nginx                                latest    d00b783988b4   2 weeks ago    81.9MB
fitness-angular-app-angular                              latest    b6a349c885b8   2 weeks ago    1.47GB
fitness-angular-app                                      latest    bf42160b36b9   2 weeks ago    375MB
fitness-tracker-be                                       latest    f373a2502a7c   2 weeks ago    352MB
nodemon-image                                            latest    65c0f5086136   2 weeks ago    1.62GB
simple-node-app                                          latest    344376921da5   2 weeks ago    614MB
postgres                                                 15        3156e13d9760   5 weeks ago    608MB
alpine                                                   latest    8a1f59ffb675   6 weeks ago    12.8MB
hello-world                                              latest    ec153840d1e6   5 months ago   20.4kB
rizwanregistry-gnazhpemc5cjdsb9.azurecr.io/hello-world   v1        ec153840d1e6   5 months ago   20.4kB
rizwanregistry.azurecr.io/hello-world                    v1        ec153840d1e6   5 months ago   20.4kB
mcr.microsoft.com/hello-world                            latest    92c7f9c92844   6 years ago    11.2kB
presidio@Presidios-MacBook-Pro ~ % az acr login --name registryrizwan

Login Succeeded
presidio@Presidios-MacBook-Pro ~ % docker tag payment-app:latest registryrizwan.azurecr.io/payment-app:latest

presidio@Presidios-MacBook-Pro ~ % docker push registryrizwan.azurecr.io/payment-app:latest

The push refers to repository [registryrizwan.azurecr.io/payment-app]
4da1bd4f4003: Pushed 
b7099466dce1: Pushed 
92971aeb101e: Pushed 
3b7062d09e02: Pushed 
fb746e72516f: Pushed 
b55ed7d7b2de: Pushed 
1772b1cddddd: Pushed 
fe07684b16b8: Pushed 
a9ff9baf1741: Pushed 
83c56c6fea15: Pushed 
2c127093dfc7: Pushed 
63dda2adf85b: Pushed 
latest: digest: sha256:c0173b2e4239a38a9b979f5da422bbf3dbed3176c600eb7fa036eb93c15e8724 size: 856
presidio@Presidios-MacBook-Pro ~ % az acr repository list --name registryrizwan --output table

Result
-----------
payment-app
presidio@Presidios-MacBook-Pro ~ % docker pull rizwanregistry.azurecr.io/hello-world:v1
docker run rizwanregistry.azurecr.io/hello-world:v1
Error response from daemon: failed to resolve reference "rizwanregistry.azurecr.io/hello-world:v1": failed to do request: Head "https://rizwanregistry.azurecr.io/v2/hello-world/manifests/v1": dialing rizwanregistry.azurecr.io:443 container via direct connection because  has no HTTPS proxy: connecting to rizwanregistry.azurecr.io:443: dial tcp: lookup rizwanregistry.azurecr.io: no such host

Hello from Docker!
This message shows that your installation appears to be working correctly.

To generate this message, Docker took the following steps:
 1. The Docker client contacted the Docker daemon.
 2. The Docker daemon pulled the "hello-world" image from the Docker Hub.
    (amd64)
 3. The Docker daemon created a new container from that image which runs the
    executable that produces the output you are currently reading.
 4. The Docker daemon streamed that output to the Docker client, which sent it
    to your terminal.

To try something more ambitious, you can run an Ubuntu container with:
 $ docker run -it ubuntu bash

Share images, automate workflows, and more with a free Docker ID:
 https://hub.docker.com/

For more examples and ideas, visit:
 https://docs.docker.com/get-started/

presidio@Presidios-MacBook-Pro ~ % az acr repository list --name registryrizwan --output table

Result
-----------
payment-app
presidio@Presidios-MacBook-Pro ~ % docker pull rizwanregistry.azurecr.io/hello-world:v1       
docker push rizwanregistry.azurecr.io/hello-world:v1
Error response from daemon: failed to resolve reference "rizwanregistry.azurecr.io/hello-world:v1": failed to do request: Head "https://rizwanregistry.azurecr.io/v2/hello-world/manifests/v1": dialing rizwanregistry.azurecr.io:443 container via direct connection because  has no HTTPS proxy: connecting to rizwanregistry.azurecr.io:443: dial tcp: lookup rizwanregistry.azurecr.io: no such host
The push refers to repository [rizwanregistry.azurecr.io/hello-world]
e6590344b1a5: Unavailable 
failed to do request: Head "https://rizwanregistry.azurecr.io/v2/hello-world/blobs/sha256:74cc54e27dc41bb10dc4b2226072d469509f2f22f1a3ce74f4a59661a1d44602": dialing rizwanregistry.azurecr.io:443 container via direct connection because  has no HTTPS proxy: connecting to rizwanregistry.azurecr.io:443: dial tcp: lookup rizwanregistry.azurecr.io: no such host
presidio@Presidios-MacBook-Pro ~ % az acr replication create \
  --registry registryrizwan \
  --location eastus \
  --resource-group RizwanGensparkTraining

az acr replication create \
  --registry registryrizwan \
  --location westeurope \
  --resource-group RizwanGensparkTraining

Replications are only supported for managed registries in Premium SKU.
Replications are only supported for managed registries in Premium SKU.
presidio@Presidios-MacBook-Pro ~ % az acr replication create \
  --registry registryrizwan \
  --location eastus \
  --resource-group RizwanGensparkTraining

az acr replication create \
  --registry registryrizwan \
  --location eastus2 \   
  --resource-group RizwanGensparkTraining

Replications are only supported for managed registries in Premium SKU.
Replications are only supported for managed registries in Premium SKU.
presidio@Presidios-MacBook-Pro ~ % az acr replication list \
  --registry registryrizwan \
  --resource-group RizwanGensparkTraining \
  --output table

Replications are only supported for managed registries in Premium SKU.
presidio@Presidios-MacBook-Pro ~ % nslookup registryrizwan.azurecr.io

Server:		2401:4900:50:9::187
Address:	2401:4900:50:9::187#53

Non-authoritative answer:
registryrizwan.azurecr.io	canonical name = eus-2.fe.azcr.io.
eus-2.fe.azcr.io	canonical name = eus-2-acr-reg.trafficmanager.net.
eus-2-acr-reg.trafficmanager.net	canonical name = r0616eus-2-az.eastus.cloudapp.azure.com.
Name:	r0616eus-2-az.eastus.cloudapp.azure.com
Address: 72.152.167.199

presidio@Presidios-MacBook-Pro ~ % az acr repository show-tags \
  --name registryrizwan \
  --repository payment-app \
  --output table

Result
--------
latest
presidio@Presidios-MacBook-Pro ~ % 
